// Jest Snapshot v1, https://goo.gl/fbAQLP

exports[`E2E: custom-transformer outputs a TypeScript file where foo-functions has been renamed to bar 1`] = `
Object {
  "data": Array [
    101,
    120,
    112,
    111,
    114,
    116,
    32,
    102,
    117,
    110,
    99,
    116,
    105,
    111,
    110,
    32,
    98,
    97,
    114,
    40,
    41,
    58,
    32,
    115,
    116,
    114,
    105,
    110,
    103,
    32,
    123,
    10,
    32,
    32,
    114,
    101,
    116,
    117,
    114,
    110,
    32,
    39,
    98,
    97,
    114,
    39,
    59,
    10,
    125,
    10,
  ],
  "type": "Buffer",
}
`;
